
> yhq-mini-app@1.1.0 build
> node scripts/build.mjs

vite v8.2.0 building client environment for production...
[2K

warn - The class `duration-[120ms]` is ambiguous and matches multiple utilities.
warn - If this is content and not a class, replace it with `duration-&lsqb;120ms&rsqb;` to silence this warning.

warn - The class `duration-[160ms]` is ambiguous and matches multiple utilities.
warn - If this is content and not a class, replace it with `duration-&lsqb;160ms&rsqb;` to silence this warning.

warn - The class `duration-[400ms]` is ambiguous and matches multiple utilities.
warn - If this is content and not a class, replace it with `duration-&lsqb;400ms&rsqb;` to silence this warning.

warn - The class `duration-[600ms]` is ambiguous and matches multiple utilities.
warn - If this is content and not a class, replace it with `duration-&lsqb;600ms&rsqb;` to silence this warning.

warn - The class `duration-[700ms]` is ambiguous and matches multiple utilities.
warn - If this is content and not a class, replace it with `duration-&lsqb;700ms&rsqb;` to silence this warning.
transforming...✓ 2261 modules transformed.
rendering chunks...
computing gzip size...
dist/index.html                                    3.66 kB │ gzip:   1.36 kB
dist/app.html                                      8.26 kB │ gzip:   3.03 kB
dist/assets/landing-BAHr4Tt9.css                  29.01 kB │ gzip:   7.07 kB
dist/assets/app-FPqvHGPF.css                     101.72 kB │ gzip:  19.52 kB
dist/assets/test-CH6-peFz.js                       0.03 kB │ gzip:   0.05 kB
dist/assets/check-O8uqd9BT.js                      0.11 kB │ gzip:   0.13 kB
dist/assets/chevron-down-CfIRcqTG.js               0.11 kB │ gzip:   0.13 kB
dist/assets/chevron-up-DE-O4Ngo.js                 0.11 kB │ gzip:   0.13 kB
dist/assets/chevron-left-C2COYS3a.js               0.12 kB │ gzip:   0.13 kB
dist/assets/chevron-right-QiC3SJK8.js              0.12 kB │ gzip:   0.13 kB
dist/assets/web-4EH9jnf3.js                        0.12 kB │ gzip:   0.12 kB
dist/assets/play-Dvz08fOg.js                       0.12 kB │ gzip:   0.14 kB
dist/assets/moon-BkK6lk_d.js                       0.13 kB │ gzip:   0.14 kB
dist/assets/loader-circle-CW3c8SUr.js              0.13 kB │ gzip:   0.14 kB
dist/assets/message-circle-BHGRYQVe.js             0.13 kB │ gzip:   0.15 kB
dist/assets/bookmark-BzZyyY-2.js                   0.15 kB │ gzip:   0.15 kB
dist/assets/arrow-right-DHae168G.js                0.15 kB │ gzip:   0.15 kB
dist/assets/search-BxjMz0gg.js                     0.16 kB │ gzip:   0.16 kB
dist/assets/ban-HaVBQhIo.js                        0.16 kB │ gzip:   0.16 kB
dist/assets/clock-Xpnyncp4.js                      0.17 kB │ gzip:   0.16 kB
dist/assets/rotate-ccw-nnJNo17e.js                 0.19 kB │ gzip:   0.17 kB
dist/assets/rotate-cw-uDyzy73y.js                  0.19 kB │ gzip:   0.17 kB
dist/assets/trending-up-DjGkyexu.js                0.19 kB │ gzip:   0.17 kB
dist/assets/circle-x-HwViAx7m.js                   0.19 kB │ gzip:   0.17 kB
dist/assets/lock-BMIBW1ql.js                       0.19 kB │ gzip:   0.18 kB
dist/assets/star-9UXozSp2.js                       0.20 kB │ gzip:   0.18 kB
dist/assets/flag-CIq8iIIj.js                       0.21 kB │ gzip:   0.19 kB
dist/assets/target-BBAhP_h0.js                     0.21 kB │ gzip:   0.15 kB
dist/assets/copy-CW4KwJKq.js                       0.22 kB │ gzip:   0.20 kB
dist/assets/history-D1mGYAXU.js                    0.22 kB │ gzip:   0.19 kB
dist/assets/circle-help-DmCwutpW.js                0.23 kB │ gzip:   0.19 kB
dist/assets/timer-vr4rLrVX.js                      0.23 kB │ gzip:   0.18 kB
dist/assets/circle-alert-Cnc0xScb.js               0.24 kB │ gzip:   0.18 kB
dist/assets/chart-column-CfsAbuCY.js               0.24 kB │ gzip:   0.19 kB
dist/assets/external-link-BQ5AZ_UY.js              0.24 kB │ gzip:   0.19 kB
dist/assets/eye-CPBgijwe.js                        0.24 kB │ gzip:   0.19 kB
dist/assets/chart-no-axes-column-CtiOeAvI.js       0.24 kB │ gzip:   0.18 kB
dist/assets/exam-presets-DWtonppf.js               0.25 kB │ gzip:   0.19 kB
dist/assets/award-ScuFiMvR.js                      0.26 kB │ gzip:   0.22 kB
dist/assets/pencil-BwyqgbJw.js                     0.26 kB │ gzip:   0.22 kB
dist/assets/flame-7wzj7rhg.js                      0.27 kB │ gzip:   0.22 kB
dist/assets/list-checks-B-cn8twG.js                0.27 kB │ gzip:   0.18 kB
dist/assets/heart-crack-D4NTVQ44.js                0.29 kB │ gzip:   0.23 kB
dist/assets/clipboard-check-Cmb09pBd.js            0.29 kB │ gzip:   0.23 kB
dist/assets/shield-check-C6mgdWK_.js               0.31 kB │ gzip:   0.24 kB
dist/assets/refresh-cw-DRJUfi69.js                 0.31 kB │ gzip:   0.22 kB
dist/assets/graduation-cap-C07zqDkn.js             0.32 kB │ gzip:   0.24 kB
dist/assets/xp-CZIgYz7T.js                         0.32 kB │ gzip:   0.22 kB
dist/assets/signpost-GqJIQz58.js                   0.33 kB │ gzip:   0.22 kB
dist/assets/shield-alert-C0V1e-kh.js               0.34 kB │ gzip:   0.25 kB
dist/assets/gift-D7ccjf9O.js                       0.34 kB │ gzip:   0.25 kB
dist/assets/share-2-DOz8Dol3.js                    0.34 kB │ gzip:   0.23 kB
dist/assets/crown-p9aa1MVo.js                      0.35 kB │ gzip:   0.25 kB
dist/assets/volume-2-B_XTxQGi.js                   0.38 kB │ gzip:   0.26 kB
dist/assets/seeded-SY-oeWEz.js                     0.39 kB │ gzip:   0.25 kB
dist/assets/useAnswerTimer-D-eWsSHo.js             0.40 kB │ gzip:   0.26 kB
dist/assets/useLessonsStore-C0_9sdlx.js            0.41 kB │ gzip:   0.30 kB
dist/assets/users-CdDixR74.js                      0.42 kB │ gzip:   0.28 kB
dist/assets/trophy-GGMzZfZz.js                     0.45 kB │ gzip:   0.27 kB
dist/assets/traffic-cone-BiDSI_OK.js               0.48 kB │ gzip:   0.32 kB
dist/assets/sparkles-C_zp4SXT.js                   0.50 kB │ gzip:   0.29 kB
dist/assets/swords-CGv6eCek.js                     0.54 kB │ gzip:   0.28 kB
dist/assets/ticket-eOsXiU5i.js                     0.58 kB │ gzip:   0.32 kB
dist/assets/esm-4TJXq1ZC.js                        0.59 kB │ gzip:   0.35 kB
dist/assets/palette-B4iVc5t6.js                    0.60 kB │ gzip:   0.33 kB
dist/assets/gamepad-2-B-iRTsfg.js                  0.61 kB │ gzip:   0.37 kB
dist/assets/haptics-B36ifc4h.js                    0.67 kB │ gzip:   0.31 kB
dist/assets/trash-2-CRJJnSdg.js                    0.69 kB │ gzip:   0.38 kB
dist/assets/send-Bd9QGJCE.js                       0.71 kB │ gzip:   0.43 kB
dist/assets/rolldown-runtime-hePW80VL.js           0.71 kB │ gzip:   0.42 kB
dist/assets/brain-D3B4uyfj.js                      0.72 kB │ gzip:   0.35 kB
dist/assets/ttl-cache-gmOT87Zd.js                  0.77 kB │ gzip:   0.46 kB
dist/assets/Confetti-CTnXMWJa.js                   0.78 kB │ gzip:   0.50 kB
dist/assets/web-FJQ2HUKC.js                        0.84 kB │ gzip:   0.40 kB
dist/assets/merch-items-CKLnlS0I.js                0.92 kB │ gzip:   0.59 kB
dist/assets/avatar-frames-CQGK52KM.js              0.99 kB │ gzip:   0.43 kB
dist/assets/PremiumIcon-B7OJdVlS.js                1.13 kB │ gzip:   0.67 kB
dist/assets/preload-helper-Czpn1I53.js             1.19 kB │ gzip:   0.67 kB
dist/assets/module-icons-Ddp35DGL.js               1.23 kB │ gzip:   0.67 kB
dist/assets/NotFound-BVrvF2yD.js                   1.26 kB │ gzip:   0.72 kB
dist/assets/merch-icons-j-vyC71L.js                1.30 kB │ gzip:   0.67 kB
dist/assets/CoinIcon-CevisRvm.js                   1.35 kB │ gzip:   0.60 kB
dist/assets/PickerSheet-DJV1GSW1.js                1.52 kB │ gzip:   0.73 kB
dist/assets/sign-category-icons-Ba6PN23g.js        1.59 kB │ gzip:   0.74 kB
dist/assets/useQuestionsStore-DHz27BMy.js          1.81 kB │ gzip:   0.80 kB
dist/assets/DialogOverlay-ChIao_hB.js              1.99 kB │ gzip:   0.99 kB
dist/assets/sounds-Xifc4lbQ.js                     2.13 kB │ gzip:   1.01 kB
dist/assets/ai-daily-test-6iw8eXUl.js              2.55 kB │ gzip:   1.16 kB
dist/assets/premium-plans-C1tN-Z_U.js              2.68 kB │ gzip:   1.34 kB
dist/assets/ModesPage-REN6ucOX.js                  2.71 kB │ gzip:   1.39 kB
dist/assets/OTPInput-BHDUYdEM.js                   2.72 kB │ gzip:   1.34 kB
dist/assets/Biletlar-heYRF2Lk.js                   3.03 kB │ gzip:   1.41 kB
dist/assets/GridCards-DanDGlRQ.js                  3.09 kB │ gzip:   1.18 kB
dist/assets/VerifyEmailPage-YpAGaC3y.js            3.52 kB │ gzip:   1.45 kB
dist/assets/AiTestHub-BD3ec9Jw.js                  3.97 kB │ gzip:   1.60 kB
dist/assets/shop-BJzb9dyA.js                       4.17 kB │ gzip:   1.87 kB
dist/assets/StatInfoSheet-BS5Fy5Xl.js              4.22 kB │ gzip:   1.86 kB
dist/assets/web-D1FHDNMk.js                        4.43 kB │ gzip:   1.28 kB
dist/assets/ResetPasswordPage-BVAvEkgR.js          4.84 kB │ gzip:   1.91 kB
dist/assets/TopicsPage-DlDdBNiH.js                 5.04 kB │ gzip:   1.95 kB
dist/assets/TestlarPage-3ID9RzL6.js                5.28 kB │ gzip:   1.99 kB
dist/assets/SearchPage-C3-sy98W.js                 5.29 kB │ gzip:   2.08 kB
dist/assets/lessonMap.yhq-BIZAvr6-.js              5.32 kB │ gzip:   2.49 kB
dist/assets/PasswordStrengthMeter-3atpF1_n.js      5.55 kB │ gzip:   2.36 kB
dist/assets/button-BF2TsU_Y.js                     5.60 kB │ gzip:   2.41 kB
dist/assets/SpeedPage-d4t0c1eg.js                  5.82 kB │ gzip:   2.52 kB
dist/assets/XatolarPage-CDywsf-K.js                6.29 kB │ gzip:   2.14 kB
dist/assets/StatistikaPage-DW4rnUkP.js             6.30 kB │ gzip:   2.58 kB
dist/assets/AdaptivePage-Bnq6tg44.js               7.24 kB │ gzip:   2.49 kB
dist/assets/Onboarding-DlhJzimY.js                 7.66 kB │ gzip:   2.59 kB
dist/assets/dist-CD5Q11Pt.js                       7.74 kB │ gzip:   3.08 kB
dist/assets/FlashcardsPage-DGaw0ek8.js             8.94 kB │ gzip:   3.29 kB
dist/assets/StreakPage-CqEKNR2j.js                 9.99 kB │ gzip:   3.38 kB
dist/assets/subjects-DwuQJ8hM.js                  10.08 kB │ gzip:   3.87 kB
dist/assets/LeaderboardPage-9CdP4egs.js           11.98 kB │ gzip:   3.42 kB
dist/assets/YimExamPage-CUBtTxz-.js               13.90 kB │ gzip:   4.31 kB
dist/assets/SignsGamePage-XJBs52er.js             16.13 kB │ gzip:   5.40 kB
dist/assets/FormulasPage-t7QXIOC2.js              16.25 kB │ gzip:   6.33 kB
dist/assets/AiTestSession-CQxJErmY.js             16.25 kB │ gzip:   4.83 kB
dist/assets/SettingsIcon-BafbEPqb.js              16.78 kB │ gzip:   4.78 kB
dist/assets/premium-D9Zv553v.js                   20.62 kB │ gzip:   6.22 kB
dist/assets/Darslik-D81jNokK.js                   21.31 kB │ gzip:   7.70 kB
dist/assets/PremiumPage-DxKYTU5j.js               21.97 kB │ gzip:   7.26 kB
dist/assets/ResultsModal-CVvBRvvS.js              25.77 kB │ gzip:   8.40 kB
dist/assets/ShopPage-DIW-ypyy.js                  28.22 kB │ gzip:   7.98 kB
dist/assets/Profil-5_L_yr0g.js                    47.57 kB │ gzip:  13.50 kB
dist/assets/Dashboard-Bxms-BqU.js                 48.09 kB │ gzip:  18.06 kB
dist/assets/lessons-ACmJ9CZc.js                   48.59 kB │ gzip:  15.04 kB
dist/assets/LoginPage-ChKlLW20.js                 49.20 kB │ gzip:  15.66 kB
dist/assets/TestPage-BYOqmjqb.js                  55.18 kB │ gzip:  15.87 kB
dist/assets/OctagonPage-BUUP9j1k.js               62.22 kB │ gzip:  15.43 kB
dist/assets/landing-DKqg-V_E.js                   65.67 kB │ gzip:  18.18 kB
dist/assets/useAppStore-DlCMPB2B.js              109.48 kB │ gzip:  32.22 kB
dist/assets/AdminPage-Byn5__wr.js                120.52 kB │ gzip:  27.40 kB
dist/assets/x-ukv8-eT-.js                        133.64 kB │ gzip:  43.53 kB
dist/assets/app-9SkGJQD2.js                      180.62 kB │ gzip:  62.25 kB
dist/assets/Belgilar-CroEXd1T.js                 255.34 kB │ gzip:  59.21 kB
dist/assets/signs-yDEP54xe.js                    565.39 kB │ gzip: 104.83 kB
dist/assets/heic2any-BteBduSo.js               1,352.15 kB │ gzip: 344.72 kB

[PLUGIN_TIMINGS] Your build spent significant time in plugins. Here is a breakdown:
  - vite:css-post (42%)
  - vite:css (12%)
  - vite:prepare-out-dir (8%)
  - vite:worker (7%)
  - vite:asset (7%)
See https://rolldown.rs/reference/InputOptions.checks#plugintimings for more details.

[plugin builtin:vite-reporter] 
(!) Some chunks are larger than 500 kB after minification. Consider:
- Using dynamic import() to code-split the application
- Use build.rolldownOptions.output.codeSplitting to improve chunking: https://rolldown.rs/reference/OutputOptions.codeSplitting
- Adjust chunk size limit for this warning via build.chunkSizeWarningLimit.
✓ built in 4.27s
