
> yhq-mini-app@1.1.0 test:unit
> vitest run tests/unit


 RUN  v4.1.10 C:/Users/PC/Desktop/Bot

Error: Uncaught [Error: Kutilmagan xatolik yuz berdi]
    at reportException (C:\Users\PC\Desktop\Bot\node_modules\jsdom\lib\jsdom\living\helpers\runtime-script-errors.js:66:24)
    at innerInvokeEventListeners (C:\Users\PC\Desktop\Bot\node_modules\jsdom\lib\jsdom\living\events\EventTarget-impl.js:353:9)
    at invokeEventListeners (C:\Users\PC\Desktop\Bot\node_modules\jsdom\lib\jsdom\living\events\EventTarget-impl.js:286:3)
    at HTMLUnknownElementImpl._dispatch (C:\Users\PC\Desktop\Bot\node_modules\jsdom\lib\jsdom\living\events\EventTarget-impl.js:233:9)
    at HTMLUnknownElementImpl.dispatchEvent (C:\Users\PC\Desktop\Bot\node_modules\jsdom\lib\jsdom\living\events\EventTarget-impl.js:104:17)
    at HTMLUnknownElement.dispatchEvent (C:\Users\PC\Desktop\Bot\node_modules\jsdom\lib\jsdom\living\generated\EventTarget.js:241:34)
    at Object.invokeGuardedCallbackDev (C:\Users\PC\Desktop\Bot\node_modules\react-dom\cjs\react-dom.development.js:4213:16)
    at invokeGuardedCallback (C:\Users\PC\Desktop\Bot\node_modules\react-dom\cjs\react-dom.development.js:4277:31)
    at beginWork$1 (C:\Users\PC\Desktop\Bot\node_modules\react-dom\cjs\react-dom.development.js:27490:7)
    at performUnitOfWork (C:\Users\PC\Desktop\Bot\node_modules\react-dom\cjs\react-dom.development.js:26599:12) Error: Kutilmagan xatolik yuz berdi
    at ThrowErrorComponent (C:/Users/PC/Desktop/Bot/tests/unit/components/ErrorBoundary.test.tsx:6:9)
    at renderWithHooks (C:\Users\PC\Desktop\Bot\node_modules\react-dom\cjs\react-dom.development.js:15486:18)
    at mountIndeterminateComponent (C:\Users\PC\Desktop\Bot\node_modules\react-dom\cjs\react-dom.development.js:20103:13)
    at beginWork (C:\Users\PC\Desktop\Bot\node_modules\react-dom\cjs\react-dom.development.js:21626:16)
    at HTMLUnknownElement.callCallback (C:\Users\PC\Desktop\Bot\node_modules\react-dom\cjs\react-dom.development.js:4164:14)
    at HTMLUnknownElement.callTheUserObjectsOperation (C:\Users\PC\Desktop\Bot\node_modules\jsdom\lib\jsdom\living\generated\EventListener.js:26:30)
    at innerInvokeEventListeners (C:\Users\PC\Desktop\Bot\node_modules\jsdom\lib\jsdom\living\events\EventTarget-impl.js:350:25)
    at invokeEventListeners (C:\Users\PC\Desktop\Bot\node_modules\jsdom\lib\jsdom\living\events\EventTarget-impl.js:286:3)
    at HTMLUnknownElementImpl._dispatch (C:\Users\PC\Desktop\Bot\node_modules\jsdom\lib\jsdom\living\events\EventTarget-impl.js:233:9)
    at HTMLUnknownElementImpl.dispatchEvent (C:\Users\PC\Desktop\Bot\node_modules\jsdom\lib\jsdom\living\events\EventTarget-impl.js:104:17)
Error: Uncaught [Error: Kutilmagan xatolik yuz berdi]
    at reportException (C:\Users\PC\Desktop\Bot\node_modules\jsdom\lib\jsdom\living\helpers\runtime-script-errors.js:66:24)
    at innerInvokeEventListeners (C:\Users\PC\Desktop\Bot\node_modules\jsdom\lib\jsdom\living\events\EventTarget-impl.js:353:9)
    at invokeEventListeners (C:\Users\PC\Desktop\Bot\node_modules\jsdom\lib\jsdom\living\events\EventTarget-impl.js:286:3)
    at HTMLUnknownElementImpl._dispatch (C:\Users\PC\Desktop\Bot\node_modules\jsdom\lib\jsdom\living\events\EventTarget-impl.js:233:9)
    at HTMLUnknownElementImpl.dispatchEvent (C:\Users\PC\Desktop\Bot\node_modules\jsdom\lib\jsdom\living\events\EventTarget-impl.js:104:17)
    at HTMLUnknownElement.dispatchEvent (C:\Users\PC\Desktop\Bot\node_modules\jsdom\lib\jsdom\living\generated\EventTarget.js:241:34)
    at Object.invokeGuardedCallbackDev (C:\Users\PC\Desktop\Bot\node_modules\react-dom\cjs\react-dom.development.js:4213:16)
    at invokeGuardedCallback (C:\Users\PC\Desktop\Bot\node_modules\react-dom\cjs\react-dom.development.js:4277:31)
    at beginWork$1 (C:\Users\PC\Desktop\Bot\node_modules\react-dom\cjs\react-dom.development.js:27490:7)
    at performUnitOfWork (C:\Users\PC\Desktop\Bot\node_modules\react-dom\cjs\react-dom.development.js:26599:12) Error: Kutilmagan xatolik yuz berdi
    at ThrowErrorComponent (C:/Users/PC/Desktop/Bot/tests/unit/components/ErrorBoundary.test.tsx:6:9)
    at renderWithHooks (C:\Users\PC\Desktop\Bot\node_modules\react-dom\cjs\react-dom.development.js:15486:18)
    at mountIndeterminateComponent (C:\Users\PC\Desktop\Bot\node_modules\react-dom\cjs\react-dom.development.js:20103:13)
    at beginWork (C:\Users\PC\Desktop\Bot\node_modules\react-dom\cjs\react-dom.development.js:21626:16)
    at HTMLUnknownElement.callCallback (C:\Users\PC\Desktop\Bot\node_modules\react-dom\cjs\react-dom.development.js:4164:14)
    at HTMLUnknownElement.callTheUserObjectsOperation (C:\Users\PC\Desktop\Bot\node_modules\jsdom\lib\jsdom\living\generated\EventListener.js:26:30)
    at innerInvokeEventListeners (C:\Users\PC\Desktop\Bot\node_modules\jsdom\lib\jsdom\living\events\EventTarget-impl.js:350:25)
    at invokeEventListeners (C:\Users\PC\Desktop\Bot\node_modules\jsdom\lib\jsdom\living\events\EventTarget-impl.js:286:3)
    at HTMLUnknownElementImpl._dispatch (C:\Users\PC\Desktop\Bot\node_modules\jsdom\lib\jsdom\living\events\EventTarget-impl.js:233:9)
    at HTMLUnknownElementImpl.dispatchEvent (C:\Users\PC\Desktop\Bot\node_modules\jsdom\lib\jsdom\living\events\EventTarget-impl.js:104:17)
Error: Uncaught [Error: Crash test]
    at reportException (C:\Users\PC\Desktop\Bot\node_modules\jsdom\lib\jsdom\living\helpers\runtime-script-errors.js:66:24)
    at innerInvokeEventListeners (C:\Users\PC\Desktop\Bot\node_modules\jsdom\lib\jsdom\living\events\EventTarget-impl.js:353:9)
    at invokeEventListeners (C:\Users\PC\Desktop\Bot\node_modules\jsdom\lib\jsdom\living\events\EventTarget-impl.js:286:3)
    at HTMLUnknownElementImpl._dispatch (C:\Users\PC\Desktop\Bot\node_modules\jsdom\lib\jsdom\living\events\EventTarget-impl.js:233:9)
    at HTMLUnknownElementImpl.dispatchEvent (C:\Users\PC\Desktop\Bot\node_modules\jsdom\lib\jsdom\living\events\EventTarget-impl.js:104:17)
    at HTMLUnknownElement.dispatchEvent (C:\Users\PC\Desktop\Bot\node_modules\jsdom\lib\jsdom\living\generated\EventTarget.js:241:34)
    at Object.invokeGuardedCallbackDev (C:\Users\PC\Desktop\Bot\node_modules\react-dom\cjs\react-dom.development.js:4213:16)
    at invokeGuardedCallback (C:\Users\PC\Desktop\Bot\node_modules\react-dom\cjs\react-dom.development.js:4277:31)
    at beginWork$1 (C:\Users\PC\Desktop\Bot\node_modules\react-dom\cjs\react-dom.development.js:27490:7)
    at performUnitOfWork (C:\Users\PC\Desktop\Bot\node_modules\react-dom\cjs\react-dom.development.js:26599:12) Error: Crash test
    at ThrowErrorComponent (C:/Users/PC/Desktop/Bot/tests/unit/components/ErrorBoundary.test.tsx:6:9)
    at renderWithHooks (C:\Users\PC\Desktop\Bot\node_modules\react-dom\cjs\react-dom.development.js:15486:18)
    at mountIndeterminateComponent (C:\Users\PC\Desktop\Bot\node_modules\react-dom\cjs\react-dom.development.js:20103:13)
    at beginWork (C:\Users\PC\Desktop\Bot\node_modules\react-dom\cjs\react-dom.development.js:21626:16)
    at HTMLUnknownElement.callCallback (C:\Users\PC\Desktop\Bot\node_modules\react-dom\cjs\react-dom.development.js:4164:14)
    at HTMLUnknownElement.callTheUserObjectsOperation (C:\Users\PC\Desktop\Bot\node_modules\jsdom\lib\jsdom\living\generated\EventListener.js:26:30)
    at innerInvokeEventListeners (C:\Users\PC\Desktop\Bot\node_modules\jsdom\lib\jsdom\living\events\EventTarget-impl.js:350:25)
    at invokeEventListeners (C:\Users\PC\Desktop\Bot\node_modules\jsdom\lib\jsdom\living\events\EventTarget-impl.js:286:3)
    at HTMLUnknownElementImpl._dispatch (C:\Users\PC\Desktop\Bot\node_modules\jsdom\lib\jsdom\living\events\EventTarget-impl.js:233:9)
    at HTMLUnknownElementImpl.dispatchEvent (C:\Users\PC\Desktop\Bot\node_modules\jsdom\lib\jsdom\living\events\EventTarget-impl.js:104:17)
Error: Uncaught [Error: Crash test]
    at reportException (C:\Users\PC\Desktop\Bot\node_modules\jsdom\lib\jsdom\living\helpers\runtime-script-errors.js:66:24)
    at innerInvokeEventListeners (C:\Users\PC\Desktop\Bot\node_modules\jsdom\lib\jsdom\living\events\EventTarget-impl.js:353:9)
    at invokeEventListeners (C:\Users\PC\Desktop\Bot\node_modules\jsdom\lib\jsdom\living\events\EventTarget-impl.js:286:3)
    at HTMLUnknownElementImpl._dispatch (C:\Users\PC\Desktop\Bot\node_modules\jsdom\lib\jsdom\living\events\EventTarget-impl.js:233:9)
    at HTMLUnknownElementImpl.dispatchEvent (C:\Users\PC\Desktop\Bot\node_modules\jsdom\lib\jsdom\living\events\EventTarget-impl.js:104:17)
    at HTMLUnknownElement.dispatchEvent (C:\Users\PC\Desktop\Bot\node_modules\jsdom\lib\jsdom\living\generated\EventTarget.js:241:34)
    at Object.invokeGuardedCallbackDev (C:\Users\PC\Desktop\Bot\node_modules\react-dom\cjs\react-dom.development.js:4213:16)
    at invokeGuardedCallback (C:\Users\PC\Desktop\Bot\node_modules\react-dom\cjs\react-dom.development.js:4277:31)
    at beginWork$1 (C:\Users\PC\Desktop\Bot\node_modules\react-dom\cjs\react-dom.development.js:27490:7)
    at performUnitOfWork (C:\Users\PC\Desktop\Bot\node_modules\react-dom\cjs\react-dom.development.js:26599:12) Error: Crash test
    at ThrowErrorComponent (C:/Users/PC/Desktop/Bot/tests/unit/components/ErrorBoundary.test.tsx:6:9)
    at renderWithHooks (C:\Users\PC\Desktop\Bot\node_modules\react-dom\cjs\react-dom.development.js:15486:18)
    at mountIndeterminateComponent (C:\Users\PC\Desktop\Bot\node_modules\react-dom\cjs\react-dom.development.js:20103:13)
    at beginWork (C:\Users\PC\Desktop\Bot\node_modules\react-dom\cjs\react-dom.development.js:21626:16)
    at HTMLUnknownElement.callCallback (C:\Users\PC\Desktop\Bot\node_modules\react-dom\cjs\react-dom.development.js:4164:14)
    at HTMLUnknownElement.callTheUserObjectsOperation (C:\Users\PC\Desktop\Bot\node_modules\jsdom\lib\jsdom\living\generated\EventListener.js:26:30)
    at innerInvokeEventListeners (C:\Users\PC\Desktop\Bot\node_modules\jsdom\lib\jsdom\living\events\EventTarget-impl.js:350:25)
    at invokeEventListeners (C:\Users\PC\Desktop\Bot\node_modules\jsdom\lib\jsdom\living\events\EventTarget-impl.js:286:3)
    at HTMLUnknownElementImpl._dispatch (C:\Users\PC\Desktop\Bot\node_modules\jsdom\lib\jsdom\living\events\EventTarget-impl.js:233:9)
    at HTMLUnknownElementImpl.dispatchEvent (C:\Users\PC\Desktop\Bot\node_modules\jsdom\lib\jsdom\living\events\EventTarget-impl.js:104:17)

 Test Files  146 passed (146)
      Tests  967 passed (967)
   Start at  19:35:44
   Duration  36.49s (transform 13.83s, setup 133.23s, import 82.89s, tests 34.51s, environment 212.38s)

